<html>
<head><title>ERROR - closing tag for H1 missing</title></head>
<body>
<h1><unknownTag>
</body>
</html>
