GET: Array
(
    [test] => 42
    [arr] => Array
        (
            [0] => 1
            [1] => 2
            [2] => 3
            [3] => 4
        )

    [obj] => Array
        (
            [a] => 1
            [b] => 2
            [c] => 3
        )

)
